I'm sorry, but errors were detected in your script. Please correct the
errors listed below, and try again.


File "game/script.rpy", line 73: is not terminated with a newline. (Check strings and parenthesis.)
                nbContamines = (cultistes * random.randint(1, 10)/100) + (genovores * random.randint(20, 80)

Ren'Py Version: Ren'Py 7.3.5.606
Wed Oct 21 20:45:55 2020
